[www.tagheuer.com/alec-monopoly-watches/index.html]
[cdn.cookielaw.org/consent/c262f9c7-ec79-46d3-a033-e198f84e12e9.js]
[backblue.gif]
[fade.gif]
[index.html]
[www.tagheuer.com/alec-monopoly-watches/javascripts/jquery-2.2.4.min.js]
[www.tagheuer.com/themes/custom/sapient_classy/css/tag_css/sapient.cas.1.0.0.min.css]
[www.tagheuer.com/themes/custom/sapient_classy/css/wide/index-cas.min.css]
[www.tagheuer.com/themes/custom/sapient_classy/js/tag_js/sapient.lf_hf.ver.1.0.0.js]
[www.tagheuer.com/alec-monopoly-watches/stylesheets/app.css]
[www.tagheuer.com/alec-monopoly-watches/favicons/favicon.ico]
[www.tagheuer.com/sites/default/files/2019-04/tag-heuer-carrera-watches-menu_1.png]
[www.tagheuer.com/sites/default/files/2018-08/CAZ101E.BA0842_menu.png]
[www.tagheuer.com/sites/default/files/2018-08/WAY101E.FC8222_menu.png]
[www.tagheuer.com/sites/default/files/2019-04/tag-heuer-autavia-watches-menu.png]
[www.tagheuer.com/sites/default/files/2017-10/tag-heuer-monaco.jpg]
[www.tagheuer.com/sites/default/files/2018-08/WBC2113.BA0603_menu.png]
[www.tagheuer.com/sites/default/files/2019-04/tag-heuer-connected-modular-watches-menu.png]
[www.tagheuer.com/sites/default/files/2018-08/CBE2110.BA0687_menu.png]
[www.tagheuer.com/sites/default/files/2019-01/tag-heuer-cycling-partnership-cover.jpg]
[www.tagheuer.com/sites/default/files/2018-10/tag-heuer-football-partnership-menu.jpg]
[www.tagheuer.com/sites/default/files/2019-02/tag-heuer-cara-delevingne-lifestyle-partnership-cover.jpg]
[www.tagheuer.com/sites/default/files/2018-12/tag-heuer-motorsports-section-cover.jpg]
[www.tagheuer.com/sites/default/files/2017-10/tag-heuer-ayrton-senna2.jpg]
[www.tagheuer.com/sites/default/files/2017-10/tag-heuer-kai-lenny-other-sports.jpg]
[www.tagheuer.com/sites/default/files/styles/global_trending_now/public/2019-05/tag-heuer-golf-manchester-united-push79fe.jpg]
[www.tagheuer.com/sites/default/files/styles/global_trending_now/public/2019-05/tag-heuer-isograph-autavia-push453f.jpg]
[www.tagheuer.com/sites/default/files/styles/global_trending_now/public/2019-03/tag-heuer-baselworld-2019-news-push5551.jpg]
[www.tagheuer.com/sites/default/files/styles/global_trending_now/public/2019-03/tag-heuer-mats-hummels-video-news-push_0ea4a.jpg]
[www.tagheuer.com/sites/default/files/2017-10/tag-heuer-watch-finishing.jpg]
[www.tagheuer.com/sites/default/files/2017-10/inside-the-manufacture-tag-heuer.jpg]
[www.tagheuer.com/sites/default/files/2017-10/edouard-heuer-tag-histoire.jpg]
[www.tagheuer.com/sites/default/files/2017-10/swiss-watch-movements-tag-heuer.jpg]
[www.tagheuer.com/sites/default/files/2017-10/diamond-tag-heuer-material.jpg]
[www.tagheuer.com/sites/default/files/2017-10/haute-horlogerie-monaco-v4.jpg]
[www.tagheuer.com/alec-monopoly-watches/images/common/preloader-stain.png]
[www.tagheuer.com/alec-monopoly-watches/index.html]
[www.tagheuer.com/alec-monopoly-watches/javascripts/app.js]
[optanon.blob.core.windows.net/skins/4.8.0/default_flat_bottom_two_button_black/v2/css/optanon.css]
[www.tagheuer.com/alec-monopoly-watches/onetrust-rtl.html]
[optanon.blob.core.windows.net/skins/4.8.0/default_flat_bottom_two_button_black/v2/images/optanon-pop-up-close.png]
[optanon.blob.core.windows.net/logos/99/99_www.tagheuer.com/TH_LOGO-2Lignes-Quadri-POS.png]
[optanon.blob.core.windows.net/skins/4.8.0/default_flat_bottom_two_button_black/v2/images/cookie-collective-top-bottom.png]
[code.jquery.com/jquery-3.3.1.min.js]
[cdn.cookielaw.org/consent/c262f9c7-ec79-46d3-a033-e198f84e12e9.js]
[www.googletagmanager.com/gtm5445.html]
[www.tagheuer.com/themes/custom/sapient_classy/css/tag_css/sapient.cas.1.0.0.min.css]
[code.jquery.com/jquery-1.11.2.min.js]
[www.tagheuer.com/modules/custom/wide_list_accessories/img/header-desktop.jpg]
[www.tagheuer.com/themes/custom/sapient_classy/css/wide/index-cas.min.css]
[www.tagheuer.com/alec-monopoly-watches/fonts/proxima-nova-regular/ProximaNova-Regular.eot]
[www.tagheuer.com/alec-monopoly-watches/fonts/proxima-nova-regular/ProximaNova-Regulard41d.eot]
[www.tagheuer.com/alec-monopoly-watches/fonts/proxima-nova-regular/ProximaNova-Regular.woff]
[www.tagheuer.com/alec-monopoly-watches/fonts/proxima-nova-regular/ProximaNova-Regular.ttf]
[www.tagheuer.com/alec-monopoly-watches/fonts/proxima-nova-regular/ProximaNova-Regular.svg]
[www.tagheuer.com/alec-monopoly-watches/fonts/proxima-nova-semibold/ProximaNova-Semibold.eot]
[www.tagheuer.com/alec-monopoly-watches/fonts/proxima-nova-semibold/ProximaNova-Semiboldd41d.eot]
[www.tagheuer.com/alec-monopoly-watches/fonts/proxima-nova-semibold/ProximaNova-Semibold.woff]
[www.tagheuer.com/alec-monopoly-watches/fonts/proxima-nova-semibold/ProximaNova-Semibold.ttf]
[www.tagheuer.com/alec-monopoly-watches/fonts/proxima-nova-semibold/ProximaNova-Semibold.svg]
[www.tagheuer.com/alec-monopoly-watches/fonts/proxima-nova-bold/ProximaNova-Bold.eot]
[www.tagheuer.com/alec-monopoly-watches/fonts/proxima-nova-bold/ProximaNova-Boldd41d.eot]
[www.tagheuer.com/alec-monopoly-watches/fonts/proxima-nova-bold/ProximaNova-Bold.woff]
[www.tagheuer.com/alec-monopoly-watches/fonts/proxima-nova-bold/ProximaNova-Bold.ttf]
[www.tagheuer.com/alec-monopoly-watches/fonts/proxima-nova-bold/ProximaNova-Bold.svg]
[www.tagheuer.com/alec-monopoly-watches/images/common/closing-cross.svg]
[www.tagheuer.com/alec-monopoly-watches/images/common/btn-arrow-left.png]
[www.tagheuer.com/alec-monopoly-watches/images/common/btn-arrow-right.png]
[www.tagheuer.com/alec-monopoly-watches/images/common/btn_play_mobile.png]
[www.tagheuer.com/alec-monopoly-watches/stylesheets/app.css]
[optanon.blob.core.windows.net/skins/4.8.0/default_flat_bottom_two_button_black/v2/css/optanon.css]
[www.tagheuer.com/alec-monopoly-watches/onetrust-rtl.html]
[www.tagheuer.com/alec-monopoly-watches/fonts/proxima-nova-regular/ProximaNova-Regular.svg]
[www.tagheuer.com/alec-monopoly-watches/fonts/proxima-nova-semibold/ProximaNova-Semibold.svg]
[www.tagheuer.com/alec-monopoly-watches/fonts/proxima-nova-bold/ProximaNova-Bold.svg]
[www.tagheuer.com/alec-monopoly-watches/images/common/closing-cross.svg]
